8 simpleTestDataset/folder1/file1
simpleTestDataset/file1
simpleTestDataset/folder1
simpleTestDataset
