-- IDENTIFY --
8 ./simpleTestOfFilterDataset/folder1/file2
-- PROMOTE --
TODO
