-- IDENTIFY --
8 ./testNestedFoldersDataset/folder1/folder1a/file2
-- PROMOTE --
TODO
